EN tb_memoriarm NULL C:/Xilinx/Leccio1/memoriarm.vhd sub00/vhpl01 1656697375
EN tbmemorydemo NULL C:/Xilinx/Leccio1/TBmemorydemo.vhd sub00/vhpl00 1656697501
EN memoria2 NULL C:/Xilinx/Leccio1/memoria2.vhd sub00/vhpl02 1656697826
AR memoria2 behavioral C:/Xilinx/Leccio1/memoria2.vhd sub00/vhpl03 1656697827
